// Vitest Snapshot v1, https://vitest.dev/guide/snapshot.html

exports[`getBlogArchitectureMetadatas > should return an exhaustive metadatas object, given a valid blog posts folder path 1`] = `
{
  "fake-category-one": {
    "fake-subcategory-one": {
      "DEFAULT_LANGUAGE": [
        "fake-post-01",
        "fake-post-02",
        "fake-post-03",
      ],
      "en": [
        "fake-post-01",
        "fake-post-03",
      ],
      "fr": [
        "fake-post-01",
      ],
      "it": [
        "fake-post-01",
        "fake-post-02",
      ],
    },
    "fake-subcategory-three": {
      "DEFAULT_LANGUAGE": [
        "fake-post-01",
        "fake-post-02",
        "fake-post-03",
      ],
      "es": [
        "fake-post-01",
      ],
      "zh": [
        "fake-post-02",
      ],
    },
    "fake-subcategory-two": {
      "DEFAULT_LANGUAGE": [
        "fake-post-01",
        "fake-post-02",
        "fake-post-03",
      ],
      "fr": [
        "fake-post-02",
      ],
    },
  },
  "fake-category-three": {
    "fake-subcategory-five": {
      "DEFAULT_LANGUAGE": [
        "fake-post-01",
        "fake-post-02",
        "fake-post-03",
      ],
      "en": [
        "fake-post-03",
      ],
      "it": [
        "fake-post-03",
      ],
    },
    "fake-subcategory-four": {
      "DEFAULT_LANGUAGE": [
        "fake-post-01",
        "fake-post-02",
        "fake-post-03",
      ],
      "es": [
        "fake-post-04",
      ],
    },
  },
  "fake-category-two": {
    "fake-subcategory-six": {
      "DEFAULT_LANGUAGE": [
        "fake-post-01",
        "fake-post-02",
        "fake-post-03",
      ],
      "zh": [
        "fake-post-10",
      ],
    },
  },
}
`;
