// Vitest Snapshot v1, https://vitest.dev/guide/snapshot.html

exports[`generateDefaultLanguageTokenType > should match snapshot 1`] = `
"// AUTOGENERATED: Don't edit this file!
type FAKE_DEFAULT_LANGUAGE_TOKEN_TYPE = "FAKE_TOKEN";
export default FAKE_DEFAULT_LANGUAGE_TOKEN_TYPE;
"
`;

exports[`generateDefaultLanguageTokenType should match snapshot 1`] = `
"// AUTOGENERATED: Don't edit this file!
type FAKE_DEFAULT_LANGUAGE_TOKEN_TYPE = "FAKE_TOKEN";
export default FAKE_DEFAULT_LANGUAGE_TOKEN_TYPE;
"
`;
