// Vitest Snapshot v1, https://vitest.dev/guide/snapshot.html

exports[`generatePagesType (formatted) > should match snapshot 1`] = `
"// AUTOGENERATED: Don't edit this file!
type FAKE_EMPTY_PAGES_TYPE = {};
export type PagesFromCodegenSchema = { "path": string; "url": string; "head": string; "tail": string; "pathWithoutHead": string; "nestingLevelTwo": string; };
export default FAKE_EMPTY_PAGES_TYPE;
"
`;

exports[`generatePagesType (formatted) > should match snapshot 2`] = `
"// AUTOGENERATED: Don't edit this file!
type FAKE_PAGES_TYPE = {
  "nesting-1/nesting-2": [
    {
      "pathWithoutHead": "nesting-2/page-00",
      "path": "nesting-1/nesting-2/page-00",
      "url": "/nesting-1/nesting-2/page-00",
      "nestingLevelTwo": "nesting-2",
      "head": "nesting-1",
      "tail": "page-00"
    },
    {
      "pathWithoutHead": "nesting-2/page-01",
      "path": "nesting-1/nesting-2/page-01",
      "url": "/nesting-1/nesting-2/page-01",
      "nestingLevelTwo": "nesting-2",
      "head": "nesting-1",
      "tail": "page-01"
    }
  ],
  "nesting-1": [
    {
      "pathWithoutHead": "page-00",
      "path": "nesting-1/page-00",
      "url": "/nesting-1/page-00",
      "nestingLevelTwo": "",
      "head": "nesting-1",
      "tail": "page-00"
    },
    {
      "pathWithoutHead": "page-01",
      "path": "nesting-1/page-01",
      "url": "/nesting-1/page-01",
      "nestingLevelTwo": "",
      "head": "nesting-1",
      "tail": "page-01"
    }
  ],
  "/": [
    {
      "pathWithoutHead": "page-00",
      "nestingLevelTwo": "",
      "path": "page-00",
      "url": "/page-00",
      "tail": "page-00",
      "head": "/"
    },
    {
      "pathWithoutHead": "page-01",
      "nestingLevelTwo": "",
      "path": "page-01",
      "url": "/page-01",
      "tail": "page-01",
      "head": "/"
    }
  ],
  "en/nesting-1/nesting-2": [
    {
      "pathWithoutHead": "nesting-1/nesting-2/page-00",
      "path": "en/nesting-1/nesting-2/page-00",
      "url": "/en/nesting-1/nesting-2/page-00",
      "nestingLevelTwo": "nesting-1",
      "tail": "page-00",
      "head": "en"
    }
  ],
  "en/nesting-1": [
    {
      "pathWithoutHead": "nesting-1/page-00",
      "path": "en/nesting-1/page-00",
      "url": "/en/nesting-1/page-00",
      "nestingLevelTwo": "nesting-1",
      "tail": "page-00",
      "head": "en"
    }
  ],
  "en": [
    {
      "pathWithoutHead": "page-00",
      "nestingLevelTwo": "",
      "path": "en/page-00",
      "url": "/en/page-00",
      "tail": "page-00",
      "head": "en"
    }
  ]
};
export type PagesFromCodegenSchema = { "pathWithoutHead": string; "path": string; "url": string; "nestingLevelTwo": string; "head": string; "tail": string; };
export default FAKE_PAGES_TYPE;
"
`;

exports[`generatePagesType (ugly) > should match snapshot 1`] = `
"// AUTOGENERATED: Don't edit this file!
type FAKE_EMPTY_PAGES_TYPE = {};
export type PagesFromCodegenSchema = {"path":string;"url":string;"head":string;"tail":string;"pathWithoutHead":string;"nestingLevelTwo":string;};
export default FAKE_EMPTY_PAGES_TYPE;"
`;

exports[`generatePagesType (ugly) > should match snapshot 2`] = `
"// AUTOGENERATED: Don't edit this file!
type FAKE_PAGES_TYPE = {"nesting-1/nesting-2":[{"pathWithoutHead":"nesting-2/page-00","path":"nesting-1/nesting-2/page-00","url":"/nesting-1/nesting-2/page-00","nestingLevelTwo":"nesting-2","head":"nesting-1","tail":"page-00"},{"pathWithoutHead":"nesting-2/page-01","path":"nesting-1/nesting-2/page-01","url":"/nesting-1/nesting-2/page-01","nestingLevelTwo":"nesting-2","head":"nesting-1","tail":"page-01"}],"nesting-1":[{"pathWithoutHead":"page-00","path":"nesting-1/page-00","url":"/nesting-1/page-00","nestingLevelTwo":"","head":"nesting-1","tail":"page-00"},{"pathWithoutHead":"page-01","path":"nesting-1/page-01","url":"/nesting-1/page-01","nestingLevelTwo":"","head":"nesting-1","tail":"page-01"}],"/":[{"pathWithoutHead":"page-00","nestingLevelTwo":"","path":"page-00","url":"/page-00","tail":"page-00","head":"/"},{"pathWithoutHead":"page-01","nestingLevelTwo":"","path":"page-01","url":"/page-01","tail":"page-01","head":"/"}],"en/nesting-1/nesting-2":[{"pathWithoutHead":"nesting-1/nesting-2/page-00","path":"en/nesting-1/nesting-2/page-00","url":"/en/nesting-1/nesting-2/page-00","nestingLevelTwo":"nesting-1","tail":"page-00","head":"en"}],"en/nesting-1":[{"pathWithoutHead":"nesting-1/page-00","path":"en/nesting-1/page-00","url":"/en/nesting-1/page-00","nestingLevelTwo":"nesting-1","tail":"page-00","head":"en"}],"en":[{"pathWithoutHead":"page-00","nestingLevelTwo":"","path":"en/page-00","url":"/en/page-00","tail":"page-00","head":"en"}]};
export type PagesFromCodegenSchema = {"pathWithoutHead":string;"path":string;"url":string;"nestingLevelTwo":string;"head":string;"tail":string;};
export default FAKE_PAGES_TYPE;"
`;
