// Vitest Snapshot v1, https://vitest.dev/guide/snapshot.html

exports[`generateIndexFile > should match snapshot 1`] = `
"// AUTOGENERATED: Don't edit this file!
import type Blog from "./Blog";
import type BlogArchitecture from "./BlogArchitecture";
import blogCategories from "./blogCategories";
import type DefaultLanguageToken from "./DefaultLanguageToken";
import type LandingPages from "./LandingPages";
import type Pages from "./Pages";
import pagesTitles from "./pagesTitles";
import type { PagesFromCodegenSchema } from "./Pages";

export { Blog, BlogArchitecture, blogCategories, DefaultLanguageToken, LandingPages, Pages, pagesTitles, PagesFromCodegenSchema };
"
`;

exports[`generateIndexFile should match snapshot 1`] = `
"// AUTOGENERATED: Don't edit this file!
import type Blog from "./Blog";
import type BlogArchitecture from "./BlogArchitecture";
import blogCategories from "./blogCategories";
import type DefaultLanguageToken from "./DefaultLanguageToken";
import type LandingPages from "./LandingPages";
import type Pages from "./Pages";
import pagesTitles from "./pagesTitles";
import type { PagesFromCodegenSchema } from "./Pages";

export { Blog, BlogArchitecture, blogCategories, DefaultLanguageToken, LandingPages, Pages, pagesTitles, PagesFromCodegenSchema };
"
`;
