// Vitest Snapshot v1, https://vitest.dev/guide/snapshot.html

exports[`generateBlogArchitectureType > should match snapshot 1`] = `
"// AUTOGENERATED: Don't edit this file!
type FAKE_EMPTY_BLOG_ARCHITECTURE_TYPE = {};
export default FAKE_EMPTY_BLOG_ARCHITECTURE_TYPE;
"
`;

exports[`generateBlogArchitectureType > should match snapshot 2`] = `
"// AUTOGENERATED: Don't edit this file!
type FAKE_BLOG_ARCHITECTURE_TYPE = {
  'fake-category-one': 'fake-subcategory-one' | 'fake-subcategory-three' | 'fake-subcategory-two';
  'fake-category-three': 'fake-subcategory-five' | 'fake-subcategory-four';
  'fake-category-two': 'fake-subcategory-six';
};
export default FAKE_BLOG_ARCHITECTURE_TYPE;
"
`;
