// Vitest Snapshot v1, https://vitest.dev/guide/snapshot.html

exports[`generateLpType > should match snapshot 1`] = `
"// AUTOGENERATED: Don't edit this file!
type FAKE_EMPTY_LP_TYPE = {};
export default FAKE_EMPTY_LP_TYPE;
"
`;

exports[`generateLpType > should match snapshot 2`] = `
"// AUTOGENERATED: Don't edit this file!
type FAKE_LP_TYPE = {
  "fake-category-one": {
    "DEFAULT_LANGUAGE": 'fake-lp-01' | 'fake-lp-02' | 'fake-lp-03',
    "en": 'fake-lp-01' | 'fake-lp-03',
    "it": 'fake-lp-01' | 'fake-lp-02',
    "fr": 'fake-lp-01'
  },
  "fake-empty-subcategories-nested-in-category": {
    "DEFAULT_LANGUAGE": 'fake-lp-01' | 'fake-lp-02' | 'fake-lp-03',
    "zh": 'fake-lp-10'
  },
  "fake-category-three": {
    "DEFAULT_LANGUAGE": 'fake-lp-01' | 'fake-lp-02' | 'fake-lp-03',
    "en": 'fake-lp-03',
    "it": 'fake-lp-03'
  },
  "fake-subcategory-four": {
    "DEFAULT_LANGUAGE": 'fake-lp-01' | 'fake-lp-02' | 'fake-lp-03',
    "es": 'fake-lp-04'
  },
  "fake-category-two": {
    "DEFAULT_LANGUAGE": 'fake-lp-01' | 'fake-lp-02' | 'fake-lp-03',
    "zh": 'fake-lp-10'
  },
  "fake-empty-category": {}
};
export default FAKE_LP_TYPE;
"
`;
